// Jest Snapshot v1, https://goo.gl/fbAQLP

exports[`Should render the login view 1`] = `
<div>
  <span
    class="MuiSwitch-root"
  >
    <span
      aria-disabled="false"
      class="MuiButtonBase-root MuiIconButton-root PrivateSwitchBase-root-1 MuiSwitch-switchBase MuiSwitch-colorSecondary"
    >
      <span
        class="MuiIconButton-label"
      >
        <input
          class="PrivateSwitchBase-input-4 MuiSwitch-input"
          type="checkbox"
          value=""
        />
        <span
          class="MuiSwitch-thumb"
        />
      </span>
      <span
        class="MuiTouchRipple-root"
      />
    </span>
    <span
      class="MuiSwitch-track"
    />
  </span>
</div>
`;
